// Jest Snapshot v1, https://goo.gl/fbAQLP

exports[`Snapshot test on Header Component render Header correctly 1`] = `
<header
  className="MuiPaper-root MuiPaper-elevation MuiPaper-elevation4 MuiAppBar-root MuiAppBar-colorPrimary MuiAppBar-positionStatic css-hip9hq-MuiPaper-root-MuiAppBar-root"
>
  <div
    className="MuiToolbar-root MuiToolbar-gutters MuiToolbar-regular makeStyles-toolbar-1 css-1t29gy6-MuiToolbar-root"
  >
    <h5
      className="MuiTypography-root MuiTypography-h5 MuiTypography-alignCenter makeStyles-heading-2 css-ph2xsj-MuiTypography-root"
    >
      Todo App
    </h5>
  </div>
</header>
`;
